// Jest Snapshot v1, https://goo.gl/fbAQLP

exports[`CreateTabGroupComponentの試験 コンポーネントテスト 正常系 スナップショットが前回の結果と一致しているかどうか 1`] = `
Array [
  <p
    className="MuiTypography-root MuiTypography-body1 css-4oopdw-MuiTypography-root"
    data-testid="title"
  >
    URLをグループに追加
  </p>,
  <div
    className="css-18wdohr-MuiStack-root"
  >
    <div
      className="MuiFormControl-root MuiTextField-root css-1u3bzj6-MuiFormControl-root-MuiTextField-root"
    >
      <label
        className="MuiInputLabel-root MuiInputLabel-formControl MuiInputLabel-animated MuiInputLabel-outlined MuiFormLabel-root MuiFormLabel-colorPrimary css-14s5rfu-MuiFormLabel-root-MuiInputLabel-root"
        data-shrink={false}
        htmlFor="url"
        id="url-label"
      >
        URL
      </label>
      <div
        className="MuiOutlinedInput-root MuiInputBase-root MuiInputBase-colorPrimary MuiInputBase-formControl css-9ddj71-MuiInputBase-root-MuiOutlinedInput-root"
        onClick={[Function]}
      >
        <input
          aria-invalid={false}
          autoFocus={false}
          className="MuiOutlinedInput-input MuiInputBase-input css-1t8l2tu-MuiInputBase-input-MuiOutlinedInput-input"
          disabled={false}
          id="url"
          name="url"
          onAnimationStart={[Function]}
          onBlur={[Function]}
          onChange={[Function]}
          onFocus={[Function]}
          required={false}
          type="text"
          value=""
        />
        <fieldset
          aria-hidden={true}
          className="MuiOutlinedInput-notchedOutline css-1d3z3hw-MuiOutlinedInput-notchedOutline"
        >
          <legend
            className="css-173wfxe"
          >
            <span>
              URL
            </span>
          </legend>
        </fieldset>
      </div>
    </div>
    <div
      className="MuiFormControl-root css-1myzbib-MuiFormControl-root"
    >
      <label
        className="MuiInputLabel-root MuiInputLabel-formControl MuiInputLabel-animated MuiInputLabel-outlined MuiFormLabel-root MuiFormLabel-colorPrimary css-14s5rfu-MuiFormLabel-root-MuiInputLabel-root"
        data-shrink={false}
        id="simple-select-label"
      >
        グループ名
      </label>
      <div />
    </div>
    <button
      className="MuiButton-root MuiButton-outlined MuiButton-outlinedPrimary MuiButton-sizeMedium MuiButton-outlinedSizeMedium MuiButtonBase-root  css-1rwt2y5-MuiButtonBase-root-MuiButton-root"
      data-testid="createTabGroupButton"
      disabled={false}
      onBlur={[Function]}
      onClick={[Function]}
      onContextMenu={[Function]}
      onDragLeave={[Function]}
      onFocus={[Function]}
      onKeyDown={[Function]}
      onKeyUp={[Function]}
      onMouseDown={[Function]}
      onMouseLeave={[Function]}
      onMouseUp={[Function]}
      onTouchEnd={[Function]}
      onTouchMove={[Function]}
      onTouchStart={[Function]}
      tabIndex={0}
      type="button"
    >
      <span
        className="MuiButton-startIcon MuiButton-iconSizeMedium css-1d6wzja-MuiButton-startIcon"
      >
        <svg
          aria-hidden={true}
          className="MuiSvgIcon-root MuiSvgIcon-fontSizeMedium css-i4bv87-MuiSvgIcon-root"
          data-testid="AddIcon"
          focusable="false"
          viewBox="0 0 24 24"
        >
          <path
            d="M19 13h-6v6h-2v-6H5v-2h6V5h2v6h6v2z"
          />
        </svg>
      </span>
      作成
    </button>
  </div>,
]
`;
