// Jest Snapshot v1, https://goo.gl/fbAQLP

exports[`tab_groupのテスト コンポーネントのてすと スナップショットが前回の結果と一致しているかどうか 1`] = `
Array [
  <p
    className="MuiTypography-root MuiTypography-body1 css-4oopdw-MuiTypography-root"
    data-testid="title"
  >
    登録されたタブグループ
  </p>,
  <div
    className="MuiPaper-root MuiPaper-elevation MuiPaper-rounded MuiPaper-elevation1 MuiAccordion-root MuiAccordion-rounded MuiAccordion-gutters css-1elwnq4-MuiPaper-root-MuiAccordion-root"
  >
    <div
      aria-controls="panel1a-content"
      aria-expanded={false}
      className="MuiButtonBase-root MuiAccordionSummary-root MuiAccordionSummary-gutters css-sh22l5-MuiButtonBase-root-MuiAccordionSummary-root"
      id="panel1a-header"
      onBlur={[Function]}
      onClick={[Function]}
      onContextMenu={[Function]}
      onDragLeave={[Function]}
      onFocus={[Function]}
      onKeyDown={[Function]}
      onKeyUp={[Function]}
      onMouseDown={[Function]}
      onMouseLeave={[Function]}
      onMouseUp={[Function]}
      onTouchEnd={[Function]}
      onTouchMove={[Function]}
      onTouchStart={[Function]}
      role="button"
      tabIndex={0}
    >
      <div
        className="MuiAccordionSummary-content MuiAccordionSummary-contentGutters css-o4b71y-MuiAccordionSummary-content"
      >
        <p
          className="MuiTypography-root MuiTypography-body1 css-ahj2mt-MuiTypography-root"
        >
          リスト1
        </p>
      </div>
      <div
        className="MuiAccordionSummary-expandIconWrapper css-yw020d-MuiAccordionSummary-expandIconWrapper"
      >
        <svg
          aria-hidden={true}
          className="MuiSvgIcon-root MuiSvgIcon-fontSizeMedium css-i4bv87-MuiSvgIcon-root"
          data-testid="ExpandMoreIcon"
          focusable="false"
          viewBox="0 0 24 24"
        >
          <path
            d="M16.59 8.59 12 13.17 7.41 8.59 6 10l6 6 6-6z"
          />
        </svg>
      </div>
    </div>
    <div
      className="MuiCollapse-root MuiCollapse-vertical MuiCollapse-hidden css-bz4dnt-MuiCollapse-root"
      style={
        Object {
          "minHeight": "0px",
        }
      }
    >
      <div
        className="MuiCollapse-wrapper MuiCollapse-vertical css-smkl36-MuiCollapse-wrapper"
      >
        <div
          className="MuiCollapse-wrapperInner MuiCollapse-vertical css-9l5vo-MuiCollapse-wrapperInner"
        >
          <div
            aria-labelledby="panel1a-header"
            className="MuiAccordion-region"
            id="panel1a-content"
            role="region"
          >
            <div
              className="MuiAccordionDetails-root css-15v22id-MuiAccordionDetails-root"
            >
              <div
                className="MuiPaper-root MuiPaper-elevation MuiPaper-rounded MuiPaper-elevation1 MuiTableContainer-root css-11xur9t-MuiPaper-root-MuiTableContainer-root"
              >
                <table
                  aria-label="simple table"
                  className="MuiTable-root css-quj9j6-MuiTable-root"
                  role={null}
                >
                  <thead
                    className="MuiTableHead-root css-15wwp11-MuiTableHead-root"
                    role={null}
                  >
                    <tr
                      className="MuiTableRow-root MuiTableRow-head css-1q1u3t4-MuiTableRow-root"
                      role={null}
                    >
                      <th
                        aria-sort={null}
                        className="MuiTableCell-root MuiTableCell-head MuiTableCell-sizeMedium css-1ygcj2i-MuiTableCell-root"
                        scope="col"
                      >
                        タブ名
                      </th>
                      <th
                        aria-sort={null}
                        className="MuiTableCell-root MuiTableCell-head MuiTableCell-alignRight MuiTableCell-sizeMedium css-1azl6jz-MuiTableCell-root"
                        scope="col"
                      >
                        タブ色
                      </th>
                      <th
                        aria-sort={null}
                        className="MuiTableCell-root MuiTableCell-head MuiTableCell-alignRight MuiTableCell-sizeMedium css-1azl6jz-MuiTableCell-root"
                        scope="col"
                      >
                        url
                      </th>
                    </tr>
                  </thead>
                  <tbody
                    className="MuiTableBody-root css-apqrd9-MuiTableBody-root"
                    role={null}
                  >
                    <tr
                      className="MuiTableRow-root css-34nofg-MuiTableRow-root"
                      role={null}
                    >
                      <th
                        aria-sort={null}
                        className="MuiTableCell-root MuiTableCell-body MuiTableCell-sizeMedium css-1ex1afd-MuiTableCell-root"
                        scope="row"
                      >
                        テスト
                      </th>
                      <td
                        aria-sort={null}
                        className="MuiTableCell-root MuiTableCell-body MuiTableCell-alignRight MuiTableCell-sizeMedium css-177gid-MuiTableCell-root"
                      >
                        grey
                      </td>
                      <td
                        aria-sort={null}
                        className="MuiTableCell-root MuiTableCell-body MuiTableCell-alignRight MuiTableCell-sizeMedium css-177gid-MuiTableCell-root"
                      >
                        https://google.com
                      </td>
                    </tr>
                    <tr
                      className="MuiTableRow-root css-34nofg-MuiTableRow-root"
                      role={null}
                    >
                      <th
                        aria-sort={null}
                        className="MuiTableCell-root MuiTableCell-body MuiTableCell-sizeMedium css-1ex1afd-MuiTableCell-root"
                        scope="row"
                      >
                        テスト2
                      </th>
                      <td
                        aria-sort={null}
                        className="MuiTableCell-root MuiTableCell-body MuiTableCell-alignRight MuiTableCell-sizeMedium css-177gid-MuiTableCell-root"
                      >
                        red
                      </td>
                      <td
                        aria-sort={null}
                        className="MuiTableCell-root MuiTableCell-body MuiTableCell-alignRight MuiTableCell-sizeMedium css-177gid-MuiTableCell-root"
                      >
                        https://yahoo.co.jp
                      </td>
                    </tr>
                  </tbody>
                </table>
              </div>
            </div>
          </div>
        </div>
      </div>
    </div>
  </div>,
]
`;
